// Jest Snapshot v1, https://goo.gl/fbAQLP

exports[`Input should match with default input 1`] = `
<div>
  <input />
</div>
`;
